// Jest Snapshot v1, https://goo.gl/fbAQLP

exports[`Storyshots Button with knobs 1`] = `
<button
  onClick={[Function]}
  style={
    Object {
      "backgroundColor": "#FFFFFF",
      "border": "1px solid #eee",
      "borderRadius": 3,
      "cursor": "pointer",
      "fontSize": 15,
      "margin": 10,
      "padding": "3px 10px",
    }
  }
>
   
</button>
`;

exports[`Storyshots Button with notes 1`] = `
<button
  onClick={[Function]}
  style={
    Object {
      "backgroundColor": "#FFFFFF",
      "border": "1px solid #eee",
      "borderRadius": 3,
      "cursor": "pointer",
      "fontSize": 15,
      "margin": 10,
      "padding": "3px 10px",
    }
  }
>
  Check my notes in the notes panel
</button>
`;

exports[`Storyshots Button with some emoji 1`] = `
<button
  onClick={[Function]}
  style={
    Object {
      "backgroundColor": "#FFFFFF",
      "border": "1px solid #eee",
      "borderRadius": 3,
      "cursor": "pointer",
      "fontSize": 15,
      "margin": 10,
      "padding": "3px 10px",
    }
  }
>
  üòÄ üòé üëç üíØ
</button>
`;

exports[`Storyshots Button with some info 1`] = `
<div>
  <div
    style={
      Object {
        "position": "relative",
        "zIndex": 0,
      }
    }
  >
    <button
      onClick={[Function]}
      style={
        Object {
          "backgroundColor": "#FFFFFF",
          "border": "1px solid #eee",
          "borderRadius": 3,
          "cursor": "pointer",
          "fontSize": 15,
          "margin": 10,
          "padding": "3px 10px",
        }
      }
    >
      click the "?" in top right for info
    </button>
  </div>
  <a
    onClick={[Function]}
    role="button"
    style={
      Object {
        "background": "#28c",
        "borderRadius": "0 0 0 5px",
        "color": "#fff",
        "cursor": "pointer",
        "display": "block",
        "fontFamily": "sans-serif",
        "fontSize": "12px",
        "padding": "5px 15px",
        "position": "fixed",
        "right": 0,
        "textDecoration": "none",
        "top": 0,
      }
    }
    tabIndex="0"
  >
    Show Info
  </a>
  <div
    style={
      Object {
        "background": "white",
        "bottom": 0,
        "display": "none",
        "left": 0,
        "overflow": "auto",
        "padding": "0 40px",
        "position": "fixed",
        "right": 0,
        "top": 0,
      }
    }
  >
    <a
      onClick={[Function]}
      role="button"
      style={
        Object {
          "background": "#28c",
          "borderRadius": "0 0 0 5px",
          "color": "#fff",
          "cursor": "pointer",
          "display": "block",
          "fontFamily": "sans-serif",
          "fontSize": "12px",
          "padding": "5px 15px",
          "position": "fixed",
          "right": 0,
          "textDecoration": "none",
          "top": 0,
        }
      }
      tabIndex="0"
    >
      √ó
    </a>
    <div
      style={undefined}
    >
      <div
        style={
          Object {
            "WebkitFontSmoothing": "antialiased",
            "color": "#444",
            "fontFamily": "
              -apple-system, \\".SFNSText-Regular\\", \\"San Francisco\\", \\"Roboto\\",
              \\"Segoe UI\\", \\"Helvetica Neue\\", \\"Lucida Grande\\", sans-serif
            ",
            "fontSize": "15px",
            "fontWeight": 300,
            "lineHeight": 1.45,
          }
        }
      >
        <div
          style={
            Object {
              "borderBottom": "1px solid #eee",
              "marginBottom": 10,
              "paddingTop": 10,
            }
          }
        >
          <h1
            style={
              Object {
                "fontSize": "35px",
                "margin": 0,
                "padding": 0,
              }
            }
          >
            Button
          </h1>
          <h2
            style={
              Object {
                "fontSize": "22px",
                "fontWeight": 400,
                "margin": "0 0 10px 0",
                "padding": 0,
              }
            }
          >
            with some info
          </h2>
        </div>
        <div
          style={
            Object {
              "marginBottom": 0,
            }
          }
        >
          <p
            style={
              Object {
                "WebkitFontSmoothing": "antialiased",
                "color": "#444",
                "fontFamily": "
                  -apple-system, \\".SFNSText-Regular\\", \\"San Francisco\\", \\"Roboto\\",
                  \\"Segoe UI\\", \\"Helvetica Neue\\", \\"Lucida Grande\\", sans-serif
                ",
                "fontSize": "15px",
              }
            }
          >
            Use the info addon with its painful API.
          </p>
        </div>
        <div>
          <h1
            style={
              Object {
                "borderBottom": "1px solid #EEE",
                "fontSize": "25px",
                "margin": "20px 0 0 0",
                "padding": "0 0 5px 0",
              }
            }
          >
            Story Source
          </h1>
          <pre
            style={
              Object {
                "backgroundColor": "#fafafa",
                "fontFamily": "Menlo, Monaco, \\"Courier New\\", monospace",
                "fontSize": ".88em",
                "lineHeight": 1.5,
                "overflowX": "scroll",
                "padding": ".5rem",
              }
            }
          >
            <div>
              <div
                style={
                  Object {
                    "paddingLeft": 18,
                    "paddingRight": 3,
                  }
                }
              >
                <span
                  style={
                    Object {
                      "color": "#777",
                    }
                  }
                >
                  &lt;
                  Button
                </span>
                <span />
                <span
                  style={
                    Object {
                      "color": "#777",
                    }
                  }
                >
                  &gt;
                </span>
              </div>
              <div
                style={
                  Object {
                    "paddingLeft": 33,
                    "paddingRight": 3,
                  }
                }
              >
                <span
                  style={
                    Object {
                      "color": "#777",
                    }
                  }
                >
                  click the "?" in top right for info
                </span>
              </div>
              <div
                style={
                  Object {
                    "paddingLeft": 18,
                    "paddingRight": 3,
                  }
                }
              >
                <span
                  style={
                    Object {
                      "color": "#777",
                    }
                  }
                >
                  &lt;/
                  Button
                  &gt;
                </span>
              </div>
            </div>
          </pre>
        </div>
        <div>
          <h1
            style={
              Object {
                "borderBottom": "1px solid #EEE",
                "fontSize": "25px",
                "margin": "20px 0 0 0",
                "padding": "0 0 5px 0",
              }
            }
          >
            Prop Types
          </h1>
          <div>
            <h2
              style={
                Object {
                  "margin": "20px 0 0 0",
                }
              }
            >
              "
              Button
              " Component
            </h2>
            <table
              style={
                Object {
                  "borderCollapse": "separate",
                  "borderSpacing": "10px 5px",
                  "marginLeft": -10,
                }
              }
            >
              <thead>
                <tr>
                  <th>
                    property
                  </th>
                  <th>
                    propType
                  </th>
                  <th>
                    required
                  </th>
                  <th>
                    default
                  </th>
                  <th>
                    description
                  </th>
                </tr>
              </thead>
              <tbody>
                <tr>
                  <td>
                    children
                  </td>
                  <td>
                    other
                  </td>
                  <td>
                    yes
                  </td>
                  <td>
                    -
                  </td>
                  <td />
                </tr>
                <tr>
                  <td>
                    onClick
                  </td>
                  <td>
                    other
                  </td>
                  <td>
                    no
                  </td>
                  <td>
                    <span>
                      <span
                        style={
                          Object {
                            "color": "#170",
                          }
                        }
                      >
                        onClick()
                      </span>
                    </span>
                  </td>
                  <td />
                </tr>
              </tbody>
            </table>
          </div>
        </div>
      </div>
    </div>
  </div>
</div>
`;

exports[`Storyshots Button with text 1`] = `
<button
  onClick={[Function]}
  style={
    Object {
      "backgroundColor": "#FFFFFF",
      "border": "1px solid #eee",
      "borderRadius": 3,
      "cursor": "pointer",
      "fontSize": 15,
      "margin": 10,
      "padding": "3px 10px",
    }
  }
>
  Hello Button
</button>
`;

exports[`Storyshots Centered Button with text 1`] = `
<button
  onClick={[Function]}
  style={
    Object {
      "backgroundColor": "#FFFFFF",
      "border": "1px solid #eee",
      "borderRadius": 3,
      "cursor": "pointer",
      "fontSize": 15,
      "margin": 10,
      "padding": "3px 10px",
    }
  }
>
  Hello Button
</button>
`;

exports[`Storyshots ComponentWithRef basic 1`] = `<div />`;

exports[`Storyshots Welcome to Storybook 1`] = `
<div
  style={
    Object {
      "fontFamily": "\\"Helvetica Neue\\", Helvetica, \\"Segoe UI\\", Arial, freesans, sans-serif",
      "lineHeight": 1.4,
      "margin": 15,
      "maxWidth": 600,
    }
  }
>
  <h1>
    Welcome to STORYBOOK
  </h1>
  <p>
    This is a UI component dev environment for your app.
  </p>
  <p>
    We've added some basic stories inside the
     
    <code
      style={
        Object {
          "backgroundColor": "#f3f2f2",
          "border": "1px solid #eae9e9",
          "borderRadius": 4,
          "color": "#3a3a3a",
          "fontSize": 15,
          "fontWeight": 600,
          "padding": "2px 5px",
        }
      }
    >
      src/stories
    </code>
     
    directory.
    <br />
    A story is a single state of one or more UI components. You can have as many stories as you want.
    <br />
    (Basically a story is like a visual test case.)
  </p>
  <p>
    See these sample
     
    <a
      onClick={[Function]}
      role="button"
      style={
        Object {
          "borderBottom": "1px solid #1474f3",
          "color": "#1474f3",
          "paddingBottom": 2,
          "textDecoration": "none",
        }
      }
      tabIndex="0"
    >
      stories
    </a>
     
    for a component called
     
    <code
      style={
        Object {
          "backgroundColor": "#f3f2f2",
          "border": "1px solid #eae9e9",
          "borderRadius": 4,
          "color": "#3a3a3a",
          "fontSize": 15,
          "fontWeight": 600,
          "padding": "2px 5px",
        }
      }
    >
      Button
    </code>
    .
  </p>
  <p>
    Just like that, you can add your own components as stories.
    <br />
    You can also edit those components and see changes right away.
    <br />
    (Try editing the 
    <code
      style={
        Object {
          "backgroundColor": "#f3f2f2",
          "border": "1px solid #eae9e9",
          "borderRadius": 4,
          "color": "#3a3a3a",
          "fontSize": 15,
          "fontWeight": 600,
          "padding": "2px 5px",
        }
      }
    >
      Button
    </code>
     component located at 
    <code
      style={
        Object {
          "backgroundColor": "#f3f2f2",
          "border": "1px solid #eae9e9",
          "borderRadius": 4,
          "color": "#3a3a3a",
          "fontSize": 15,
          "fontWeight": 600,
          "padding": "2px 5px",
        }
      }
    >
      src/stories/Button.js
    </code>
    .)
  </p>
  <p>
    This is just one thing you can do with Storybook.
    <br />
    Have a look at the
     
    <a
      href="https://storybook.js.org/basics/writing-stories"
      rel="noopener noreferrer"
      style={
        Object {
          "borderBottom": "1px solid #1474f3",
          "color": "#1474f3",
          "paddingBottom": 2,
          "textDecoration": "none",
        }
      }
      target="_blank"
    >
      Storybook
    </a>
     
    repo for more information.
  </p>
  <p
    style={
      Object {
        "opacity": 0.5,
      }
    }
  >
    <b>
      NOTE:
    </b>
    <br />
    Have a look at the
     
    <code
      style={
        Object {
          "backgroundColor": "#f3f2f2",
          "border": "1px solid #eae9e9",
          "borderRadius": 4,
          "color": "#3a3a3a",
          "fontSize": 15,
          "fontWeight": 600,
          "padding": "2px 5px",
        }
      }
    >
      .storybook/webpack.config.js
    </code>
     
    to add webpack loaders and plugins you are using in this project.
  </p>
</div>
`;
